199.120.67.134 - - [10/Nov/2019:21:04:10 +0200] "GET /apache-log/access.log HTTP/1.1" 206 57968 "http://www.almhuette-raith.at/apache-log" "Mozilla/4.0 (compatible; MSIE 7.0; Windows NT 6.2; WOW64; Trident/7.0; .NET4.0C; .NET4.0E)" "-"
199.120.67.134 - - [10/Nov/2019:21:04:14 +0200] "GET /apache-log/access.log HTTP/1.1" 206 6635600 "http://www.almhuette-raith.at/apache-log" "Mozilla/4.0 (compatible; MSIE 7.0; Windows NT 6.2; WOW64; Trident/7.0; .NET4.0C; .NET4.0E)" "-"
199.120.67.134 - - [10/Nov/2019:21:04:15 +0200] "GET /apache-log/access.log HTTP/1.1" 206 9343544 "http://www.almhuette-raith.at/apache-log" "Mozilla/4.0 (compatible; MSIE 7.0; Windows NT 6.2; WOW64; Trident/7.0; .NET4.0C; .NET4.0E)" "-"
199.120.67.134 - - [10/Nov/2019:21:04:15 +0200] "GET /apache-log/access.log HTTP/1.1" 206 8876304 "http://www.almhuette-raith.at/apache-log" "Mozilla/4.0 (compatible; MSIE 7.0; Windows NT 6.2; WOW64; Trident/7.0; .NET4.0C; .NET4.0E)" "-"
199.120.67.134 - - [10/Nov/2019:21:04:15 +0200] "GET /apache-log/access.log HTTP/1.1" 206 6235888 "http://www.almhuette-raith.at/apache-log" "Mozilla/4.0 (compatible; MSIE 7.0; Windows NT 6.2; WOW64; Trident/7.0; .NET4.0C; .NET4.0E)" "-"
199.120.67.134 - - [10/Nov/2019:21:04:15 +0200] "GET /apache-log/access.log HTTP/1.1" 206 7399440 "http://www.almhuette-raith.at/apache-log" "Mozilla/4.0 (compatible; MSIE 7.0; Windows NT 6.2; WOW64; Trident/7.0; .NET4.0C; .NET4.0E)" "-"
199.120.67.134 - - [10/Nov/2019:21:04:15 +0200] "GET /apache-log/access.log HTTP/1.1" 206 7384440 "http://www.almhuette-raith.at/apache-log" "Mozilla/4.0 (compatible; MSIE 7.0; Windows NT 6.2; WOW64; Trident/7.0; .NET4.0C; .NET4.0E)" "-"
199.120.67.134 - - [10/Nov/2019:21:04:16 +0200] "GET /apache-log/access.log HTTP/1.1" 206 6635600 "http://www.almhuette-raith.at/apache-log" "Mozilla/4.0 (compatible; MSIE 7.0; Windows NT 6.2; WOW64; Trident/7.0; .NET4.0C; .NET4.0E)" "-"
199.120.67.134 - - [10/Nov/2019:21:04:16 +0200] "GET /apache-log/access.log HTTP/1.1" 206 57968 "http://www.almhuette-raith.at/apache-log" "Mozilla/4.0 (compatible; MSIE 7.0; Windows NT 6.2; WOW64; Trident/7.0; .NET4.0C; .NET4.0E)" "-"
199.120.67.134 - - [10/Nov/2019:21:04:24 +0200] "GET /apache-log/access.log HTTP/1.1" 206 41376 "http://www.almhuette-raith.at/apache-log" "Mozilla/4.0 (compatible; MSIE 7.0; Windows NT 6.2; WOW64; Trident/7.0; .NET4.0C; .NET4.0E)" "-"
199.120.67.134 - - [10/Nov/2019:21:04:25 +0200] "GET /apache-log/access.log HTTP/1.1" 206 4669248 "http://www.almhuette-raith.at/apache-log" "Mozilla/4.0 (compatible; MSIE 7.0; Windows NT 6.2; WOW64; Trident/7.0; .NET4.0C; .NET4.0E)" "-"
199.120.67.134 - - [10/Nov/2019:21:04:25 +0200] "GET /apache-log/access.log HTTP/1.1" 206 6272608 "http://www.almhuette-raith.at/apache-log" "Mozilla/4.0 (compatible; MSIE 7.0; Windows NT 6.2; WOW64; Trident/7.0; .NET4.0C; .NET4.0E)" "-"
199.120.67.134 - - [10/Nov/2019:21:04:25 +0200] "GET /apache-log/access.log HTTP/1.1" 206 8528560 "http://www.almhuette-raith.at/apache-log" "Mozilla/4.0 (compatible; MSIE 7.0; Windows NT 6.2; WOW64; Trident/7.0; .NET4.0C; .NET4.0E)" "-"
199.120.67.134 - - [10/Nov/2019:21:04:25 +0200] "GET /apache-log/access.log HTTP/1.1" 206 7413568 "http://www.almhuette-raith.at/apache-log" "Mozilla/4.0 (compatible; MSIE 7.0; Windows NT 6.2; WOW64; Trident/7.0; .NET4.0C; .NET4.0E)" "-"
199.120.67.134 - - [10/Nov/2019:21:04:25 +0200] "GET /apache-log/access.log HTTP/1.1" 206 3793792 "http://www.almhuette-raith.at/apache-log" "Mozilla/4.0 (compatible; MSIE 7.0; Windows NT 6.2; WOW64; Trident/7.0; .NET4.0C; .NET4.0E)" "-"
199.120.67.134 - - [10/Nov/2019:21:04:29 +0200] "GET /apache-log/access.log HTTP/1.1" 206 6635600 "http://www.almhuette-raith.at/apache-log" "Mozilla/4.0 (compatible; MSIE 7.0; Windows NT 6.2; WOW64; Trident/7.0; .NET4.0C; .NET4.0E)" "-"
199.120.67.134 - - [10/Nov/2019:21:04:33 +0200] "GET /apache-log/access.log HTTP/1.1" 206 6635600 "http://www.almhuette-raith.at/apache-log" "Mozilla/4.0 (compatible; MSIE 7.0; Windows NT 6.2; WOW64; Trident/7.0; .NET4.0C; .NET4.0E)" "-"
199.120.67.134 - - [10/Nov/2019:21:04:35 +0200] "GET /apache-log/access.log HTTP/1.1" 206 9389048 "http://www.almhuette-raith.at/apache-log" "Mozilla/4.0 (compatible; MSIE 7.0; Windows NT 6.2; WOW64; Trident/7.0; .NET4.0C; .NET4.0E)" "-"
199.120.67.134 - - [10/Nov/2019:21:04:35 +0200] "GET /apache-log/access.log HTTP/1.1" 206 4492656 "http://www.almhuette-raith.at/apache-log" "Mozilla/4.0 (compatible; MSIE 7.0; Windows NT 6.2; WOW64; Trident/7.0; .NET4.0C; .NET4.0E)" "-"
199.120.67.134 - - [10/Nov/2019:21:04:35 +0200] "GET /apache-log/access.log HTTP/1.1" 206 8720832 "http://www.almhuette-raith.at/apache-log" "Mozilla/4.0 (compatible; MSIE 7.0; Windows NT 6.2; WOW64; Trident/7.0; .NET4.0C; .NET4.0E)" "-"
199.120.67.134 - - [10/Nov/2019:21:04:45 +0200] "GET /apache-log/access.log HTTP/1.1" 206 14244208 "http://www.almhuette-raith.at/apache-log" "Mozilla/4.0 (compatible; MSIE 7.0; Windows NT 6.2; WOW64; Trident/7.0; .NET4.0C; .NET4.0E)" "-"
199.120.67.134 - - [10/Nov/2019:21:04:45 +0200] "GET /apache-log/access.log HTTP/1.1" 206 9454752 "http://www.almhuette-raith.at/apache-log" "Mozilla/4.0 (compatible; MSIE 7.0; Windows NT 6.2; WOW64; Trident/7.0; .NET4.0C; .NET4.0E)" "-"
199.120.67.134 - - [10/Nov/2019:21:04:45 +0200] "GET /apache-log/access.log HTTP/1.1" 206 16589001 "http://www.almhuette-raith.at/apache-log" "Mozilla/4.0 (compatible; MSIE 7.0; Windows NT 6.2; WOW64; Trident/7.0; .NET4.0C; .NET4.0E)" "-"
199.120.67.134 - - [10/Nov/2019:21:04:55 +0200] "GET /apache-log/access.log HTTP/1.1" 206 6635600 "http://www.almhuette-raith.at/apache-log" "Mozilla/4.0 (compatible; MSIE 7.0; Windows NT 6.2; WOW64; Trident/7.0; .NET4.0C; .NET4.0E)" "-"
199.120.67.134 - - [10/Nov/2019:21:04:55 +0200] "GET /apache-log/access.log HTTP/1.1" 206 15107784 "http://www.almhuette-raith.at/apache-log" "Mozilla/4.0 (compatible; MSIE 7.0; Windows NT 6.2; WOW64; Trident/7.0; .NET4.0C; .NET4.0E)" "-"
199.120.67.134 - - [10/Nov/2019:21:04:55 +0200] "GET /apache-log/access.log HTTP/1.1" 206 9690912 "http://www.almhuette-raith.at/apache-log" "Mozilla/4.0 (compatible; MSIE 7.0; Windows NT 6.2; WOW64; Trident/7.0; .NET4.0C; .NET4.0E)" "-"
199.120.67.134 - - [10/Nov/2019:21:04:55 +0200] "GET /apache-log/access.log HTTP/1.1" 206 10799368 "http://www.almhuette-raith.at/apache-log" "Mozilla/4.0 (compatible; MSIE 7.0; Windows NT 6.2; WOW64; Trident/7.0; .NET4.0C; .NET4.0E)" "-"
199.120.67.134 - - [10/Nov/2019:21:05:05 +0200] "GET /apache-log/access.log HTTP/1.1" 206 14635488 "http://www.almhuette-raith.at/apache-log" "Mozilla/4.0 (compatible; MSIE 7.0; Windows NT 6.2; WOW64; Trident/7.0; .NET4.0C; .NET4.0E)" "-"
199.120.67.134 - - [10/Nov/2019:21:05:05 +0200] "GET /apache-log/access.log HTTP/1.1" 206 15917544 "http://www.almhuette-raith.at/apache-log" "Mozilla/4.0 (compatible; MSIE 7.0; Windows NT 6.2; WOW64; Trident/7.0; .NET4.0C; .NET4.0E)" "-"
199.120.67.134 - - [10/Nov/2019:21:05:05 +0200] "GET /apache-log/access.log HTTP/1.1" 206 8944712 "http://www.almhuette-raith.at/apache-log" "Mozilla/4.0 (compatible; MSIE 7.0; Windows NT 6.2; WOW64; Trident/7.0; .NET4.0C; .NET4.0E)" "-"
199.120.67.134 - - [10/Nov/2019:21:05:05 +0200] "GET /apache-log/access.log HTTP/1.1" 206 10189376 "http://www.almhuette-raith.at/apache-log" "Mozilla/4.0 (compatible; MSIE 7.0; Windows NT 6.2; WOW64; Trident/7.0; .NET4.0C; .NET4.0E)" "-"
199.120.67.134 - - [10/Nov/2019:21:05:10 +0200] "GET /apache-log/access.log HTTP/1.1" 206 16589001 "http://www.almhuette-raith.at/apache-log" "Mozilla/4.0 (compatible; MSIE 7.0; Windows NT 6.2; WOW64; Trident/7.0; .NET4.0C; .NET4.0E)" "-"
199.120.67.134 - - [10/Nov/2019:21:05:10 +0200] "GET /apache-log/access.log HTTP/1.1" 206 16589001 "http://www.almhuette-raith.at/apache-log" "Mozilla/4.0 (compatible; MSIE 7.0; Windows NT 6.2; WOW64; Trident/7.0; .NET4.0C; .NET4.0E)" "-"
199.120.67.134 - - [10/Nov/2019:21:05:15 +0200] "GET /apache-log/access.log HTTP/1.1" 206 16589001 "http://www.almhuette-raith.at/apache-log" "Mozilla/4.0 (compatible; MSIE 7.0; Windows NT 6.2; WOW64; Trident/7.0; .NET4.0C; .NET4.0E)" "-"
66.249.64.207 - - [10/Nov/2019:21:08:43 +0200] "GET /robots.txt HTTP/1.1" 200 304 "-" "Mozilla/5.0 (compatible; Googlebot/2.1; +http://www.google.com/bot.html)" "-"
66.249.64.202 - - [10/Nov/2019:21:08:44 +0200] "GET / HTTP/1.1" 200 10479 "-" "Mozilla/5.0 (Linux; Android 6.0.1; Nexus 5X Build/MMB29P) AppleWebKit/537.36 (KHTML, like Gecko) Chrome/41.0.2272.96 Mobile Safari/537.36 (compatible; Googlebot/2.1; +http://www.google.com/bot.html)" "-"
37.1.206.196 - - [10/Nov/2019:21:30:10 +0200] "GET /administrator/index.php HTTP/1.1" 200 4263 "http://almhuette-raith.at/administrator/index.php" "Mozilla/5.0 (Windows NT 6.1; WOW64) AppleWebKit/537.36 (KHTML, like Gecko) Chrome/31.0.1650.57 Safari/537.36" "-"
37.1.206.196 - - [10/Nov/2019:21:30:10 +0200] "POST /administrator/index.php HTTP/1.1" 200 4494 "http://almhuette-raith.at/administrator/index.php" "Mozilla/5.0 (Windows NT 6.1; WOW64) AppleWebKit/537.36 (KHTML, like Gecko) Chrome/31.0.1650.57 Safari/537.36" "-"
37.1.206.196 - - [10/Nov/2019:21:30:10 +0200] "GET /administrator/index.php HTTP/1.1" 200 4263 "http://almhuette-raith.at/administrator/index.php" "Mozilla/5.0 (Windows NT 6.1; WOW64) AppleWebKit/537.36 (KHTML, like Gecko) Chrome/31.0.1650.57 Safari/537.36" "-"
91.200.12.108 - - [10/Nov/2019:21:49:43 +0200] "GET /administrator/index.php HTTP/1.1" 200 4263 "http://almhuette-raith.at/administrator/index.php" "Mozilla/5.0 (Windows NT 6.1; WOW64) AppleWebKit/537.36 (KHTML, like Gecko) Chrome/31.0.1650.57 Safari/537.36" "-"
91.200.12.108 - - [10/Nov/2019:21:49:43 +0200] "POST /administrator/index.php HTTP/1.1" 200 4494 "http://almhuette-raith.at/administrator/index.php" "Mozilla/5.0 (Windows NT 6.1; WOW64) AppleWebKit/537.36 (KHTML, like Gecko) Chrome/31.0.1650.57 Safari/537.36" "-"
91.200.12.108 - - [10/Nov/2019:21:49:43 +0200] "GET /administrator/index.php HTTP/1.1" 200 4263 "http://almhuette-raith.at/administrator/index.php" "Mozilla/5.0 (Windows NT 6.1; WOW64) AppleWebKit/537.36 (KHTML, like Gecko) Chrome/31.0.1650.57 Safari/537.36" "-"
113.163.23.30 - - [10/Nov/2019:22:35:33 +0200] "GET /apache-log/access.log HTTP/1.1" 200 1360096 "http://www.almhuette-raith.at/" "Mozilla/5.0 (Windows NT 6.1; rv:35.0) Gecko/20100101 Firefox/35.0" "-"
113.163.23.30 - - [10/Nov/2019:22:35:34 +0200] "GET /wp-login.php HTTP/1.1" 404 218 "http://www.almhuette-raith.at/" "Opera/9.80 (Windows NT 6.2; Win64; x64) Presto/2.12.388 Version/12.17" "-"
113.163.23.30 - - [10/Nov/2019:22:35:34 +0200] "GET /wp-login.php HTTP/1.1" 404 218 "http://almhuette-raith.at/wp-login.php" "Opera/9.80 (Windows NT 6.2; Win64; x64) Presto/2.12.388 Version/12.17" "-"
198.50.201.17 - - [10/Nov/2019:22:48:08 +0200] "GET /apache-log/access.log HTTP/1.1" 200 46753296 "http://www.almhuette-raith.at/" "Mozilla/5.0 (Windows NT 6.1; rv:34.0) Gecko/20100101 Firefox/34.0" "-"
91.200.12.108 - - [10/Nov/2019:22:59:06 +0200] "GET /administrator/index.php HTTP/1.1" 200 4263 "http://almhuette-raith.at/administrator/index.php" "Mozilla/5.0 (Windows NT 6.1; WOW64) AppleWebKit/537.36 (KHTML, like Gecko) Chrome/31.0.1650.57 Safari/537.36" "-"
91.200.12.108 - - [10/Nov/2019:22:59:06 +0200] "POST /administrator/index.php HTTP/1.1" 200 4494 "http://almhuette-raith.at/administrator/index.php" "Mozilla/5.0 (Windows NT 6.1; WOW64) AppleWebKit/537.36 (KHTML, like Gecko) Chrome/31.0.1650.57 Safari/537.36" "-"
91.200.12.108 - - [10/Nov/2019:22:59:07 +0200] "GET /administrator/index.php HTTP/1.1" 200 4263 "http://almhuette-raith.at/administrator/index.php" "Mozilla/5.0 (Windows NT 6.1; WOW64) AppleWebKit/537.36 (KHTML, like Gecko) Chrome/31.0.1650.57 Safari/537.36" "-"
141.8.142.48 - - [10/Nov/2019:23:02:29 +0200] "GET /robots.txt HTTP/1.1" 200 304 "-" "Mozilla/5.0 (compatible; YandexBot/3.0; +http://yandex.com/bots)" "-"
130.193.50.16 - - [10/Nov/2019:23:02:29 +0200] "GET /robots.txt HTTP/1.1" 200 304 "-" "Mozilla/5.0 (compatible; YandexBot/3.0; +http://yandex.com/bots)" "-"
141.8.142.48 - - [10/Nov/2019:23:02:33 +0200] "GET / HTTP/1.1" 200 10439 "-" "Mozilla/5.0 (compatible; YandexBot/3.0; +http://yandex.com/bots)" "-"
130.193.50.16 - - [10/Nov/2019:23:02:33 +0200] "GET / HTTP/1.1" 200 10479 "-" "Mozilla/5.0 (compatible; YandexBot/3.0; +http://yandex.com/bots)" "-"
37.1.206.196 - - [10/Nov/2019:23:05:35 +0200] "GET /administrator/index.php HTTP/1.1" 200 4263 "http://almhuette-raith.at/administrator/index.php" "Mozilla/5.0 (Windows NT 6.1; WOW64) AppleWebKit/537.36 (KHTML, like Gecko) Chrome/31.0.1650.57 Safari/537.36" "-"
37.1.206.196 - - [10/Nov/2019:23:05:36 +0200] "POST /administrator/index.php HTTP/1.1" 200 4494 "http://almhuette-raith.at/administrator/index.php" "Mozilla/5.0 (Windows NT 6.1; WOW64) AppleWebKit/537.36 (KHTML, like Gecko) Chrome/31.0.1650.57 Safari/537.36" "-"
37.1.206.196 - - [10/Nov/2019:23:05:36 +0200] "GET /administrator/index.php HTTP/1.1" 200 4263 "http://almhuette-raith.at/administrator/index.php" "Mozilla/5.0 (Windows NT 6.1; WOW64) AppleWebKit/537.36 (KHTML, like Gecko) Chrome/31.0.1650.57 Safari/537.36" "-"
69.18.50.2 - - [10/Nov/2019:23:38:13 +0200] "GET /apache-log/access.log HTTP/1.1" 206 57968 "http://www.almhuette-raith.at/apache-log" "Mozilla/4.0 (compatible; MSIE 7.0; Windows NT 6.2; WOW64; Trident/7.0; .NET4.0C; .NET4.0E)" "-"
91.200.12.108 - - [11/Nov/2019:00:09:09 +0200] "GET /administrator/index.php HTTP/1.1" 200 4263 "http://almhuette-raith.at/administrator/index.php" "Mozilla/5.0 (Windows NT 6.1; WOW64) AppleWebKit/537.36 (KHTML, like Gecko) Chrome/31.0.1650.57 Safari/537.36" "-"
91.200.12.108 - - [11/Nov/2019:00:09:09 +0200] "POST /administrator/index.php HTTP/1.1" 200 4494 "http://almhuette-raith.at/administrator/index.php" "Mozilla/5.0 (Windows NT 6.1; WOW64) AppleWebKit/537.36 (KHTML, like Gecko) Chrome/31.0.1650.57 Safari/537.36" "-"
91.200.12.108 - - [11/Nov/2019:00:09:10 +0200] "GET /administrator/index.php HTTP/1.1" 200 4263 "http://almhuette-raith.at/administrator/index.php" "Mozilla/5.0 (Windows NT 6.1; WOW64) AppleWebKit/537.36 (KHTML, like Gecko) Chrome/31.0.1650.57 Safari/537.36" "-"
69.18.50.2 - - [11/Nov/2019:00:17:37 +0200] "GET /apache-log/access.log HTTP/1.1" 200 34915952 "https://gist.github.com/" "Mozilla/5.0 (X11; Linux x86_64) AppleWebKit/537.36 (KHTML, like Gecko) Chrome/49.0.2623.87 Safari/537.36" "-"
69.18.50.2 - - [11/Nov/2019:00:17:55 +0200] "GET /apache-log/access.log HTTP/1.1" 200 22316608 "-" "Mozilla/5.0 (X11; Linux x86_64) AppleWebKit/537.36 (KHTML, like Gecko) Chrome/49.0.2623.87 Safari/537.36" "-"
69.18.50.2 - - [11/Nov/2019:00:17:56 +0200] "GET /favicon.ico HTTP/1.1" 404 217 "http://www.almhuette-raith.at/apache-log/access.log" "Mozilla/5.0 (X11; Linux x86_64) AppleWebKit/537.36 (KHTML, like Gecko) Chrome/49.0.2623.87 Safari/537.36" "-"
69.18.50.2 - - [11/Nov/2019:00:18:52 +0200] "GET /apache-log/access.log HTTP/1.1" 200 58822828 "-" "Mozilla/5.0 (X11; Linux x86_64) AppleWebKit/537.36 (KHTML, like Gecko) Chrome/49.0.2623.87 Safari/537.36" "-"
37.1.206.196 - - [11/Nov/2019:00:42:38 +0200] "GET /administrator/index.php HTTP/1.1" 200 4263 "http://almhuette-raith.at/administrator/index.php" "Mozilla/5.0 (Windows NT 6.1; WOW64) AppleWebKit/537.36 (KHTML, like Gecko) Chrome/31.0.1650.57 Safari/537.36" "-"
37.1.206.196 - - [11/Nov/2019:00:42:38 +0200] "POST /administrator/index.php HTTP/1.1" 200 4494 "http://almhuette-raith.at/administrator/index.php" "Mozilla/5.0 (Windows NT 6.1; WOW64) AppleWebKit/537.36 (KHTML, like Gecko) Chrome/31.0.1650.57 Safari/537.36" "-"
37.1.206.196 - - [11/Nov/2019:00:42:38 +0200] "GET /administrator/index.php HTTP/1.1" 200 4263 "http://almhuette-raith.at/administrator/index.php" "Mozilla/5.0 (Windows NT 6.1; WOW64) AppleWebKit/537.36 (KHTML, like Gecko) Chrome/31.0.1650.57 Safari/537.36" "-"
66.249.64.197 - - [11/Nov/2019:01:41:28 +0200] "GET /index.php?option=com_phocagallery&view=category&id=2:winterfotos&Itemid=53 HTTP/1.1" 200 30662 "-" "Mozilla/5.0 (compatible; Googlebot/2.1; +http://www.google.com/bot.html)" "-"
37.1.206.196 - - [11/Nov/2019:02:13:44 +0200] "GET /administrator/index.php HTTP/1.1" 200 4263 "http://almhuette-raith.at/administrator/index.php" "Mozilla/5.0 (Windows NT 6.1; WOW64) AppleWebKit/537.36 (KHTML, like Gecko) Chrome/31.0.1650.57 Safari/537.36" "-"
37.1.206.196 - - [11/Nov/2019:02:13:44 +0200] "POST /administrator/index.php HTTP/1.1" 200 4494 "http://almhuette-raith.at/administrator/index.php" "Mozilla/5.0 (Windows NT 6.1; WOW64) AppleWebKit/537.36 (KHTML, like Gecko) Chrome/31.0.1650.57 Safari/537.36" "-"
37.1.206.196 - - [11/Nov/2019:02:13:44 +0200] "GET /administrator/index.php HTTP/1.1" 200 4263 "http://almhuette-raith.at/administrator/index.php" "Mozilla/5.0 (Windows NT 6.1; WOW64) AppleWebKit/537.36 (KHTML, like Gecko) Chrome/31.0.1650.57 Safari/537.36" "-"
157.55.39.51 - - [11/Nov/2019:02:18:35 +0200] "GET / HTTP/1.1" 200 10479 "-" "Mozilla/5.0 (compatible; bingbot/2.0; +http://www.bing.com/bingbot.htm)" "-"
91.200.12.108 - - [11/Nov/2019:02:26:36 +0200] "GET /administrator/index.php HTTP/1.1" 200 4263 "http://almhuette-raith.at/administrator/index.php" "Mozilla/5.0 (Windows NT 6.1; WOW64) AppleWebKit/537.36 (KHTML, like Gecko) Chrome/31.0.1650.57 Safari/537.36" "-"
91.200.12.108 - - [11/Nov/2019:02:26:36 +0200] "POST /administrator/index.php HTTP/1.1" 200 4494 "http://almhuette-raith.at/administrator/index.php" "Mozilla/5.0 (Windows NT 6.1; WOW64) AppleWebKit/537.36 (KHTML, like Gecko) Chrome/31.0.1650.57 Safari/537.36" "-"
91.200.12.108 - - [11/Nov/2019:02:26:36 +0200] "GET /administrator/index.php HTTP/1.1" 200 4263 "http://almhuette-raith.at/administrator/index.php" "Mozilla/5.0 (Windows NT 6.1; WOW64) AppleWebKit/537.36 (KHTML, like Gecko) Chrome/31.0.1650.57 Safari/537.36" "-"
157.55.39.51 - - [11/Nov/2019:02:36:29 +0200] "GET / HTTP/1.1" 200 10479 "-" "Mozilla/5.0 (compatible; bingbot/2.0; +http://www.bing.com/bingbot.htm)" "-"
199.30.24.103 - - [11/Nov/2019:02:36:32 +0200] "GET /modules/mod_bowslideshow/tmpl/css/bowslideshow.css HTTP/1.1" 200 1725 "http://www.almhuette-raith.at/" "Mozilla/5.0 (Windows NT 6.1; WOW64) AppleWebKit/534+ (KHTML, like Gecko) BingPreview/1.0b" "-"
199.30.24.103 - - [11/Nov/2019:02:36:32 +0200] "GET /media/system/js/mootools.js HTTP/1.1" 200 74434 "http://www.almhuette-raith.at/" "Mozilla/5.0 (Windows NT 6.1; WOW64) AppleWebKit/534+ (KHTML, like Gecko) BingPreview/1.0b" "-"
199.30.24.103 - - [11/Nov/2019:02:36:32 +0200] "GET /media/system/js/caption.js HTTP/1.1" 200 1963 "http://www.almhuette-raith.at/" "Mozilla/5.0 (Windows NT 6.1; WOW64) AppleWebKit/534+ (KHTML, like Gecko) BingPreview/1.0b" "-"
199.30.24.103 - - [11/Nov/2019:02:36:33 +0200] "GET /templates/jp_hotel/css/template.css HTTP/1.1" 200 10004 "http://www.almhuette-raith.at/" "Mozilla/5.0 (Windows NT 6.1; WOW64) AppleWebKit/534+ (KHTML, like Gecko) BingPreview/1.0b" "-"
199.30.24.103 - - [11/Nov/2019:02:36:33 +0200] "GET /templates/_system/css/general.css HTTP/1.1" 404 239 "http://www.almhuette-raith.at/" "Mozilla/5.0 (Windows NT 6.1; WOW64) AppleWebKit/534+ (KHTML, like Gecko) BingPreview/1.0b" "-"
199.30.24.103 - - [11/Nov/2019:02:36:33 +0200] "GET /templates/jp_hotel/css/layout.css HTTP/1.1" 200 1801 "http://www.almhuette-raith.at/" "Mozilla/5.0 (Windows NT 6.1; WOW64) AppleWebKit/534+ (KHTML, like Gecko) BingPreview/1.0b" "-"
199.30.24.103 - - [11/Nov/2019:02:36:33 +0200] "GET /templates/jp_hotel/css/menu.css HTTP/1.1" 200 1457 "http://www.almhuette-raith.at/" "Mozilla/5.0 (Windows NT 6.1; WOW64) AppleWebKit/534+ (KHTML, like Gecko) BingPreview/1.0b" "-"
199.30.24.103 - - [11/Nov/2019:02:36:33 +0200] "GET /templates/jp_hotel/css/suckerfish.css HTTP/1.1" 200 3465 "http://www.almhuette-raith.at/" "Mozilla/5.0 (Windows NT 6.1; WOW64) AppleWebKit/534+ (KHTML, like Gecko) BingPreview/1.0b" "-"
199.30.24.103 - - [11/Nov/2019:02:36:33 +0200] "GET /templates/jp_hotel/js/moomenu.js HTTP/1.1" 200 4890 "http://www.almhuette-raith.at/" "Mozilla/5.0 (Windows NT 6.1; WOW64) AppleWebKit/534+ (KHTML, like Gecko) BingPreview/1.0b" "-"
199.30.24.103 - - [11/Nov/2019:02:36:34 +0200] "GET /modules/mod_bowslideshow/tmpl/js/sliderman.1.3.0.js HTTP/1.1" 200 33472 "http://www.almhuette-raith.at/" "Mozilla/5.0 (Windows NT 6.1; WOW64) AppleWebKit/534+ (KHTML, like Gecko) BingPreview/1.0b" "-"
199.30.24.103 - - [11/Nov/2019:02:36:34 +0200] "GET /images/bg_raith.jpg HTTP/1.1" 200 329961 "http://www.almhuette-raith.at/" "Mozilla/5.0 (Windows NT 6.1; WOW64) AppleWebKit/534+ (KHTML, like Gecko) BingPreview/1.0b" "-"
199.30.24.103 - - [11/Nov/2019:02:36:34 +0200] "GET /images/stories/slideshow/almhuette_raith_01.jpg HTTP/1.1" 200 88161 "http://www.almhuette-raith.at/" "Mozilla/5.0 (Windows NT 6.1; WOW64) AppleWebKit/534+ (KHTML, like Gecko) BingPreview/1.0b" "-"
199.30.24.103 - - [11/Nov/2019:02:36:34 +0200] "GET /images/stories/slideshow/almhuette_raith_02.jpg HTTP/1.1" 200 62918 "http://www.almhuette-raith.at/" "Mozilla/5.0 (Windows NT 6.1; WOW64) AppleWebKit/534+ (KHTML, like Gecko) BingPreview/1.0b" "-"
199.30.24.103 - - [11/Nov/2019:02:36:34 +0200] "GET /images/stories/slideshow/almhuette_raith_03.jpg HTTP/1.1" 200 87782 "http://www.almhuette-raith.at/" "Mozilla/5.0 (Windows NT 6.1; WOW64) AppleWebKit/534+ (KHTML, like Gecko) BingPreview/1.0b" "-"
199.30.24.103 - - [11/Nov/2019:02:36:35 +0200] "GET /images/stories/slideshow/almhuette_raith_04.jpg HTTP/1.1" 200 80637 "http://www.almhuette-raith.at/" "Mozilla/5.0 (Windows NT 6.1; WOW64) AppleWebKit/534+ (KHTML, like Gecko) BingPreview/1.0b" "-"
199.30.24.103 - - [11/Nov/2019:02:36:35 +0200] "GET /images/stories/slideshow/almhuette_raith_05.jpg HTTP/1.1" 200 77796 "http://www.almhuette-raith.at/" "Mozilla/5.0 (Windows NT 6.1; WOW64) AppleWebKit/534+ (KHTML, like Gecko) BingPreview/1.0b" "-"
199.30.24.103 - - [11/Nov/2019:02:36:35 +0200] "GET /images/stories/slideshow/almhuette_raith_06.jpg HTTP/1.1" 200 68977 "http://www.almhuette-raith.at/" "Mozilla/5.0 (Windows NT 6.1; WOW64) AppleWebKit/534+ (KHTML, like Gecko) BingPreview/1.0b" "-"
199.30.24.103 - - [11/Nov/2019:02:36:35 +0200] "GET /images/stories/slideshow/almhuette_raith_07.jpg HTTP/1.1" 200 94861 "http://www.almhuette-raith.at/" "Mozilla/5.0 (Windows NT 6.1; WOW64) AppleWebKit/534+ (KHTML, like Gecko) BingPreview/1.0b" "-"
199.30.24.103 - - [11/Nov/2019:02:36:35 +0200] "GET /templates/jp_hotel/images/logo.jpg HTTP/1.1" 200 369 "http://www.almhuette-raith.at/" "Mozilla/5.0 (Windows NT 6.1; WOW64) AppleWebKit/534+ (KHTML, like Gecko) BingPreview/1.0b" "-"
199.30.24.103 - - [11/Nov/2019:02:36:36 +0200] "GET /images/stories/raith/almhuette_raith.jpg HTTP/1.1" 200 43300 "http://www.almhuette-raith.at/" "Mozilla/5.0 (Windows NT 6.1; WOW64) AppleWebKit/534+ (KHTML, like Gecko) BingPreview/1.0b" "-"
199.30.24.103 - - [11/Nov/2019:02:36:36 +0200] "GET /images/stories/raith/wohnraum.jpg HTTP/1.1" 200 43586 "http://www.almhuette-raith.at/" "Mozilla/5.0 (Windows NT 6.1; WOW64) AppleWebKit/534+ (KHTML, like Gecko) BingPreview/1.0b" "-"
199.30.24.103 - - [11/Nov/2019:02:36:36 +0200] "GET /images/stories/raith/grillplatz.jpg HTTP/1.1" 200 55303 "http://www.almhuette-raith.at/" "Mozilla/5.0 (Windows NT 6.1; WOW64) AppleWebKit/534+ (KHTML, like Gecko) BingPreview/1.0b" "-"
199.30.24.103 - - [11/Nov/2019:02:36:36 +0200] "GET /images/stories/raith/garage.jpg HTTP/1.1" 200 57339 "http://www.almhuette-raith.at/" "Mozilla/5.0 (Windows NT 6.1; WOW64) AppleWebKit/534+ (KHTML, like Gecko) BingPreview/1.0b" "-"
199.30.24.103 - - [11/Nov/2019:02:36:36 +0200] "GET /images/stories/raith/almenland_logo.jpg HTTP/1.1" 200 21490 "http://www.almhuette-raith.at/" "Mozilla/5.0 (Windows NT 6.1; WOW64) AppleWebKit/534+ (KHTML, like Gecko) BingPreview/1.0b" "-"
199.30.24.103 - - [11/Nov/2019:02:36:36 +0200] "GET /images/stories/raith/oststeiermark.png HTTP/1.1" 200 65225 "http://www.almhuette-raith.at/" "Mozilla/5.0 (Windows NT 6.1; WOW64) AppleWebKit/534+ (KHTML, like Gecko) BingPreview/1.0b" "-"
199.30.24.103 - - [11/Nov/2019:02:36:36 +0200] "GET /images/stories/raith/steiermark_herz.png HTTP/1.1" 200 39683 "http://www.almhuette-raith.at/" "Mozilla/5.0 (Windows NT 6.1; WOW64) AppleWebKit/534+ (KHTML, like Gecko) BingPreview/1.0b" "-"
199.30.24.103 - - [11/Nov/2019:02:36:36 +0200] "GET /templates/jp_hotel/images/content_heading.gif HTTP/1.1" 200 69 "http://www.almhuette-raith.at/" "Mozilla/5.0 (Windows NT 6.1; WOW64) AppleWebKit/534+ (KHTML, like Gecko) BingPreview/1.0b" "-"
199.30.24.103 - - [11/Nov/2019:02:36:36 +0200] "GET /modules/mod_bowslideshow/tmpl/images/image_shadow.png HTTP/1.1" 200 5017 "http://www.almhuette-raith.at/" "Mozilla/5.0 (Windows NT 6.1; WOW64) AppleWebKit/534+ (KHTML, like Gecko) BingPreview/1.0b" "-"
199.30.24.103 - - [11/Nov/2019:02:36:37 +0200] "GET /templates/jp_hotel/images/module_heading.gif HTTP/1.1" 200 83 "http://www.almhuette-raith.at/" "Mozilla/5.0 (Windows NT 6.1; WOW64) AppleWebKit/534+ (KHTML, like Gecko) BingPreview/1.0b" "-"
157.55.39.51 - - [11/Nov/2019:02:53:38 +0200] "GET /apache-log/access.log.29.gz HTTP/1.1" 404 233 "-" "Mozilla/5.0 (compatible; bingbot/2.0; +http://www.bing.com/bingbot.htm)" "-"
82.127.11.196 - - [11/Nov/2019:03:08:49 +0200] "GET /wp-login.php HTTP/1.1" 404 218 "-" "Mozilla/5.0 (Windows NT 6.1; WOW64; rv:40.0) Gecko/20100101 Firefox/40.1" "-"
51.255.65.31 - - [11/Nov/2019:03:28:56 +0200] "GET /index.php?option=com_content&view=article&id=48:3d-panorama HTTP/1.1" 200 6864 "-" "Mozilla/5.0 (compatible; AhrefsBot/5.1; +http://ahrefs.com/robot/)" "-"
91.200.12.108 - - [11/Nov/2019:03:35:58 +0200] "GET /administrator/index.php HTTP/1.1" 200 4263 "http://almhuette-raith.at/administrator/index.php" "Mozilla/5.0 (Windows NT 6.1; WOW64) AppleWebKit/537.36 (KHTML, like Gecko) Chrome/31.0.1650.57 Safari/537.36" "-"
91.200.12.108 - - [11/Nov/2019:03:35:58 +0200] "POST /administrator/index.php HTTP/1.1" 200 4494 "http://almhuette-raith.at/administrator/index.php" "Mozilla/5.0 (Windows NT 6.1; WOW64) AppleWebKit/537.36 (KHTML, like Gecko) Chrome/31.0.1650.57 Safari/537.36" "-"
91.200.12.108 - - [11/Nov/2019:03:35:58 +0200] "GET /administrator/index.php HTTP/1.1" 200 4263 "http://almhuette-raith.at/administrator/index.php" "Mozilla/5.0 (Windows NT 6.1; WOW64) AppleWebKit/537.36 (KHTML, like Gecko) Chrome/31.0.1650.57 Safari/537.36" "-"
104.160.225.11 - - [11/Nov/2019:03:45:11 +0200] "GET /apache-log/access.log HTTP/1.0" 200 1485136 "http://www.almhuette-raith.at/" "Mozilla/5.0 (Windows NT 6.1; rv:34.0) Gecko/20100101 Firefox/34.0" "-"
37.1.206.196 - - [11/Nov/2019:03:48:51 +0200] "GET /administrator/index.php HTTP/1.1" 200 4263 "http://almhuette-raith.at/administrator/index.php" "Mozilla/5.0 (Windows NT 6.1; WOW64) AppleWebKit/537.36 (KHTML, like Gecko) Chrome/31.0.1650.57 Safari/537.36" "-"
37.1.206.196 - - [11/Nov/2019:03:48:51 +0200] "POST /administrator/index.php HTTP/1.1" 200 4494 "http://almhuette-raith.at/administrator/index.php" "Mozilla/5.0 (Windows NT 6.1; WOW64) AppleWebKit/537.36 (KHTML, like Gecko) Chrome/31.0.1650.57 Safari/537.36" "-"
37.1.206.196 - - [11/Nov/2019:03:48:52 +0200] "GET /administrator/index.php HTTP/1.1" 200 4263 "http://almhuette-raith.at/administrator/index.php" "Mozilla/5.0 (Windows NT 6.1; WOW64) AppleWebKit/537.36 (KHTML, like Gecko) Chrome/31.0.1650.57 Safari/537.36" "-"
91.200.12.108 - - [11/Nov/2019:04:45:45 +0200] "GET /administrator/index.php HTTP/1.1" 200 4263 "http://almhuette-raith.at/administrator/index.php" "Mozilla/5.0 (Windows NT 6.1; WOW64) AppleWebKit/537.36 (KHTML, like Gecko) Chrome/31.0.1650.57 Safari/537.36" "-"
91.200.12.108 - - [11/Nov/2019:04:45:45 +0200] "POST /administrator/index.php HTTP/1.1" 200 4494 "http://almhuette-raith.at/administrator/index.php" "Mozilla/5.0 (Windows NT 6.1; WOW64) AppleWebKit/537.36 (KHTML, like Gecko) Chrome/31.0.1650.57 Safari/537.36" "-"
91.200.12.108 - - [11/Nov/2019:04:45:46 +0200] "GET /administrator/index.php HTTP/1.1" 200 4263 "http://almhuette-raith.at/administrator/index.php" "Mozilla/5.0 (Windows NT 6.1; WOW64) AppleWebKit/537.36 (KHTML, like Gecko) Chrome/31.0.1650.57 Safari/537.36" "-"
66.249.64.206 - - [11/Nov/2019:05:19:22 +0200] "GET /robots.txt HTTP/1.1" 200 304 "-" "Mozilla/5.0 (compatible; Googlebot/2.1; +http://www.google.com/bot.html)" "-"
66.249.64.201 - - [11/Nov/2019:05:19:23 +0200] "GET / HTTP/1.1" 200 10439 "-" "Mozilla/5.0 (Linux; Android 6.0.1; Nexus 5X Build/MMB29P) AppleWebKit/537.36 (KHTML, like Gecko) Chrome/41.0.2272.96 Mobile Safari/537.36 (compatible; Googlebot/2.1; +http://www.google.com/bot.html)" "-"
37.1.206.196 - - [11/Nov/2019:05:25:42 +0200] "GET /administrator/index.php HTTP/1.1" 200 4263 "http://almhuette-raith.at/administrator/index.php" "Mozilla/5.0 (Windows NT 6.1; WOW64) AppleWebKit/537.36 (KHTML, like Gecko) Chrome/31.0.1650.57 Safari/537.36" "-"
37.1.206.196 - - [11/Nov/2019:05:25:42 +0200] "POST /administrator/index.php HTTP/1.1" 200 4494 "http://almhuette-raith.at/administrator/index.php" "Mozilla/5.0 (Windows NT 6.1; WOW64) AppleWebKit/537.36 (KHTML, like Gecko) Chrome/31.0.1650.57 Safari/537.36" "-"
37.1.206.196 - - [11/Nov/2019:05:25:42 +0200] "GET /administrator/index.php HTTP/1.1" 200 4263 "http://almhuette-raith.at/administrator/index.php" "Mozilla/5.0 (Windows NT 6.1; WOW64) AppleWebKit/537.36 (KHTML, like Gecko) Chrome/31.0.1650.57 Safari/537.36" "-"
157.55.39.51 - - [11/Nov/2019:05:27:24 +0200] "GET / HTTP/1.1" 200 10479 "-" "Mozilla/5.0 (compatible; bingbot/2.0; +http://www.bing.com/bingbot.htm)" "-"
91.200.12.108 - - [11/Nov/2019:05:55:33 +0200] "GET /administrator/index.php HTTP/1.1" 200 4263 "http://almhuette-raith.at/administrator/index.php" "Mozilla/5.0 (Windows NT 6.1; WOW64) AppleWebKit/537.36 (KHTML, like Gecko) Chrome/31.0.1650.57 Safari/537.36" "-"
91.200.12.108 - - [11/Nov/2019:05:55:33 +0200] "POST /administrator/index.php HTTP/1.1" 200 4494 "http://almhuette-raith.at/administrator/index.php" "Mozilla/5.0 (Windows NT 6.1; WOW64) AppleWebKit/537.36 (KHTML, like Gecko) Chrome/31.0.1650.57 Safari/537.36" "-"
91.200.12.108 - - [11/Nov/2019:05:55:34 +0200] "GET /administrator/index.php HTTP/1.1" 200 4263 "http://almhuette-raith.at/administrator/index.php" "Mozilla/5.0 (Windows NT 6.1; WOW64) AppleWebKit/537.36 (KHTML, like Gecko) Chrome/31.0.1650.57 Safari/537.36" "-"
94.174.98.134 - - [11/Nov/2019:06:12:56 +0200] "GET /apache-log/access.log HTTP/1.1" 200 3809964 "http://www.almhuette-raith.at/" "Mozilla/5.0 (Windows NT 6.1; rv:35.0) Gecko/20100101 Firefox/35.0" "-"
91.235.142.155 - - [11/Nov/2019:06:12:56 +0200] "GET /wp-login.php HTTP/1.0" 404 206 "http://www.almhuette-raith.at/" "Opera/9.80 (Windows NT 6.2; Win64; x64) Presto/2.12.388 Version/12.17" "-"
91.235.142.155 - - [11/Nov/2019:06:12:57 +0200] "GET /wp-login.php HTTP/1.1" 404 218 "http://almhuette-raith.at/wp-login.php" "Opera/9.80 (Windows NT 6.2; Win64; x64) Presto/2.12.388 Version/12.17" "-"
141.8.142.48 - - [11/Nov/2019:06:55:09 +0200] "GET /index.php?option=com_content&view=article&id=46&Itemid=54 HTTP/1.1" 200 8938 "-" "Mozilla/5.0 (compatible; YandexBot/3.0; +http://yandex.com/bots)" "-"
37.1.206.196 - - [11/Nov/2019:06:57:05 +0200] "GET /administrator/index.php HTTP/1.1" 200 4263 "http://almhuette-raith.at/administrator/index.php" "Mozilla/5.0 (Windows NT 6.1; WOW64) AppleWebKit/537.36 (KHTML, like Gecko) Chrome/31.0.1650.57 Safari/537.36" "-"
37.1.206.196 - - [11/Nov/2019:06:57:05 +0200] "POST /administrator/index.php HTTP/1.1" 200 4494 "http://almhuette-raith.at/administrator/index.php" "Mozilla/5.0 (Windows NT 6.1; WOW64) AppleWebKit/537.36 (KHTML, like Gecko) Chrome/31.0.1650.57 Safari/537.36" "-"
37.1.206.196 - - [11/Nov/2019:06:57:05 +0200] "GET /administrator/index.php HTTP/1.1" 200 4263 "http://almhuette-raith.at/administrator/index.php" "Mozilla/5.0 (Windows NT 6.1; WOW64) AppleWebKit/537.36 (KHTML, like Gecko) Chrome/31.0.1650.57 Safari/537.36" "-"
91.200.12.108 - - [11/Nov/2019:07:05:30 +0200] "GET /administrator/index.php HTTP/1.1" 200 4263 "http://almhuette-raith.at/administrator/index.php" "Mozilla/5.0 (Windows NT 6.1; WOW64) AppleWebKit/537.36 (KHTML, like Gecko) Chrome/31.0.1650.57 Safari/537.36" "-"
91.200.12.108 - - [11/Nov/2019:07:05:30 +0200] "POST /administrator/index.php HTTP/1.1" 200 4494 "http://almhuette-raith.at/administrator/index.php" "Mozilla/5.0 (Windows NT 6.1; WOW64) AppleWebKit/537.36 (KHTML, like Gecko) Chrome/31.0.1650.57 Safari/537.36" "-"
91.200.12.108 - - [11/Nov/2019:07:05:30 +0200] "GET /administrator/index.php HTTP/1.1" 200 4263 "http://almhuette-raith.at/administrator/index.php" "Mozilla/5.0 (Windows NT 6.1; WOW64) AppleWebKit/537.36 (KHTML, like Gecko) Chrome/31.0.1650.57 Safari/537.36" "-"
192.161.167.17 - - [11/Nov/2019:07:36:38 +0200] "GET /apache-log/access.log HTTP/1.0" 200 1931896 "http://www.almhuette-raith.at/" "Mozilla/5.0 (Windows NT 6.1; rv:34.0) Gecko/20100101 Firefox/34.0" "-"
192.161.167.17 - - [11/Nov/2019:07:36:39 +0200] "GET /wp-login.php HTTP/1.1" 404 218 "http://www.almhuette-raith.at/" "Opera/9.80 (Windows NT 6.2; Win64; x64) Presto/2.12.388 Version/12.17" "-"
192.161.167.17 - - [11/Nov/2019:07:36:39 +0200] "GET /wp-login.php HTTP/1.1" 404 218 "http://almhuette-raith.at/wp-login.php" "Opera/9.80 (Windows NT 6.2; Win64; x64) Presto/2.12.388 Version/12.17" "-"
91.200.12.108 - - [11/Nov/2019:08:14:38 +0200] "GET /administrator/index.php HTTP/1.1" 200 4263 "http://almhuette-raith.at/administrator/index.php" "Mozilla/5.0 (Windows NT 6.1; WOW64) AppleWebKit/537.36 (KHTML, like Gecko) Chrome/31.0.1650.57 Safari/537.36" "-"
91.200.12.108 - - [11/Nov/2019:08:14:38 +0200] "POST /administrator/index.php HTTP/1.1" 200 4494 "http://almhuette-raith.at/administrator/index.php" "Mozilla/5.0 (Windows NT 6.1; WOW64) AppleWebKit/537.36 (KHTML, like Gecko) Chrome/31.0.1650.57 Safari/537.36" "-"
91.200.12.108 - - [11/Nov/2019:08:14:38 +0200] "GET /administrator/index.php HTTP/1.1" 200 4263 "http://almhuette-raith.at/administrator/index.php" "Mozilla/5.0 (Windows NT 6.1; WOW64) AppleWebKit/537.36 (KHTML, like Gecko) Chrome/31.0.1650.57 Safari/537.36" "-"
201.6.231.209 - - [11/Nov/2019:08:23:37 +0200] "GET //administrator/index.php HTTP/1.1" 200 4270 "-" "-" "-"
201.6.231.209 - - [11/Nov/2019:08:23:38 +0200] "POST //administrator/index.php HTTP/1.1" 200 4501 "-" "-" "-"
37.1.206.196 - - [11/Nov/2019:08:30:52 +0200] "GET /administrator/index.php HTTP/1.1" 200 4263 "http://almhuette-raith.at/administrator/index.php" "Mozilla/5.0 (Windows NT 6.1; WOW64) AppleWebKit/537.36 (KHTML, like Gecko) Chrome/31.0.1650.57 Safari/537.36" "-"
37.1.206.196 - - [11/Nov/2019:08:30:52 +0200] "POST /administrator/index.php HTTP/1.1" 200 4494 "http://almhuette-raith.at/administrator/index.php" "Mozilla/5.0 (Windows NT 6.1; WOW64) AppleWebKit/537.36 (KHTML, like Gecko) Chrome/31.0.1650.57 Safari/537.36" "-"
37.1.206.196 - - [11/Nov/2019:08:30:52 +0200] "GET /administrator/index.php HTTP/1.1" 200 4263 "http://almhuette-raith.at/administrator/index.php" "Mozilla/5.0 (Windows NT 6.1; WOW64) AppleWebKit/537.36 (KHTML, like Gecko) Chrome/31.0.1650.57 Safari/537.36" "-"
62.138.0.25 - - [11/Nov/2019:08:34:38 +0200] "GET /robots.txt HTTP/1.1" 200 304 "-" "Mozilla/5.0 (compatible; seoscanners.net/1; +spider@seoscanners.net)" "-"
180.76.15.18 - - [11/Nov/2019:08:44:35 +0200] "GET / HTTP/1.1" 200 10479 "-" "Mozilla/5.0 (compatible; Baiduspider/2.0; +http://www.baidu.com/search/spider.html)" "-"
180.76.15.161 - - [11/Nov/2019:08:45:48 +0200] "GET / HTTP/1.1" 200 10479 "-" "Mozilla/5.0 (compatible; Baiduspider/2.0; +http://www.baidu.com/search/spider.html)" "-"
85.25.210.234 - - [11/Nov/2019:08:50:57 +0200] "GET /robots.txt HTTP/1.1" 200 304 "-" "Mozilla/5.0 (compatible; seoscanners.net/1; +spider@seoscanners.net)" "-"
66.249.64.201 - - [11/Nov/2019:08:52:11 +0200] "GET / HTTP/1.1" 200 10439 "-" "Mozilla/5.0 (compatible; Googlebot/2.1; +http://www.google.com/bot.html)" "-"
91.200.12.108 - - [11/Nov/2019:09:24:24 +0200] "GET /administrator/index.php HTTP/1.1" 200 4263 "http://almhuette-raith.at/administrator/index.php" "Mozilla/5.0 (Windows NT 6.1; WOW64) AppleWebKit/537.36 (KHTML, like Gecko) Chrome/31.0.1650.57 Safari/537.36" "-"
91.200.12.108 - - [11/Nov/2019:09:24:24 +0200] "POST /administrator/index.php HTTP/1.1" 200 4494 "http://almhuette-raith.at/administrator/index.php" "Mozilla/5.0 (Windows NT 6.1; WOW64) AppleWebKit/537.36 (KHTML, like Gecko) Chrome/31.0.1650.57 Safari/537.36" "-"
91.200.12.108 - - [11/Nov/2019:09:24:24 +0200] "GET /administrator/index.php HTTP/1.1" 200 4263 "http://almhuette-raith.at/administrator/index.php" "Mozilla/5.0 (Windows NT 6.1; WOW64) AppleWebKit/537.36 (KHTML, like Gecko) Chrome/31.0.1650.57 Safari/537.36" "-"
103.232.33.102 - - [11/Nov/2019:09:48:40 +0200] "GET /apache-log/access.log HTTP/1.0" 200 3675480 "http://www.almhuette-raith.at/" "Mozilla/5.0 (Windows NT 6.1; rv:35.0) Gecko/20100101 Firefox/35.0" "-"
189.17.105.72 - - [11/Nov/2019:09:49:39 +0200] "GET /apache-log/access.log HTTP/1.0" 200 8581672 "http://www.almhuette-raith.at/" "Mozilla/5.0 (Windows NT 6.1; rv:35.0) Gecko/20100101 Firefox/35.0" "-"
37.1.206.196 - - [11/Nov/2019:10:06:24 +0200] "GET /administrator/index.php HTTP/1.1" 200 4263 "http://almhuette-raith.at/administrator/index.php" "Mozilla/5.0 (Windows NT 6.1; WOW64) AppleWebKit/537.36 (KHTML, like Gecko) Chrome/31.0.1650.57 Safari/537.36" "-"
37.1.206.196 - - [11/Nov/2019:10:06:24 +0200] "POST /administrator/index.php HTTP/1.1" 200 4494 "http://almhuette-raith.at/administrator/index.php" "Mozilla/5.0 (Windows NT 6.1; WOW64) AppleWebKit/537.36 (KHTML, like Gecko) Chrome/31.0.1650.57 Safari/537.36" "-"
37.1.206.196 - - [11/Nov/2019:10:06:24 +0200] "GET /administrator/index.php HTTP/1.1" 200 4263 "http://almhuette-raith.at/administrator/index.php" "Mozilla/5.0 (Windows NT 6.1; WOW64) AppleWebKit/537.36 (KHTML, like Gecko) Chrome/31.0.1650.57 Safari/537.36" "-"
80.110.22.226 - - [11/Nov/2019:10:11:14 +0200] "GET / HTTP/1.1" 200 10479 "http://www.almenland.at/almhuette-raith.html" "Mozilla/5.0 (Windows NT 6.1; WOW64; rv:47.0) Gecko/20100101 Firefox/47.0" "-"
80.110.22.226 - - [11/Nov/2019:10:11:14 +0200] "GET /modules/mod_bowslideshow/tmpl/css/bowslideshow.css HTTP/1.1" 200 1725 "http://www.almhuette-raith.at/" "Mozilla/5.0 (Windows NT 6.1; WOW64; rv:47.0) Gecko/20100101 Firefox/47.0" "-"
80.110.22.226 - - [11/Nov/2019:10:11:14 +0200] "GET /templates/jp_hotel/css/template.css HTTP/1.1" 200 10004 "http://www.almhuette-raith.at/" "Mozilla/5.0 (Windows NT 6.1; WOW64; rv:47.0) Gecko/20100101 Firefox/47.0" "-"
80.110.22.226 - - [11/Nov/2019:10:11:14 +0200] "GET /templates/jp_hotel/css/layout.css HTTP/1.1" 200 1801 "http://www.almhuette-raith.at/" "Mozilla/5.0 (Windows NT 6.1; WOW64; rv:47.0) Gecko/20100101 Firefox/47.0" "-"
80.110.22.226 - - [11/Nov/2019:10:11:14 +0200] "GET /media/system/js/caption.js HTTP/1.1" 200 1963 "http://www.almhuette-raith.at/" "Mozilla/5.0 (Windows NT 6.1; WOW64; rv:47.0) Gecko/20100101 Firefox/47.0" "-"
80.110.22.226 - - [11/Nov/2019:10:11:14 +0200] "GET /templates/jp_hotel/css/menu.css HTTP/1.1" 200 1457 "http://www.almhuette-raith.at/" "Mozilla/5.0 (Windows NT 6.1; WOW64; rv:47.0) Gecko/20100101 Firefox/47.0" "-"
80.110.22.226 - - [11/Nov/2019:10:11:14 +0200] "GET /templates/_system/css/general.css HTTP/1.1" 404 239 "http://www.almhuette-raith.at/" "Mozilla/5.0 (Windows NT 6.1; WOW64; rv:47.0) Gecko/20100101 Firefox/47.0" "-"
80.110.22.226 - - [11/Nov/2019:10:11:14 +0200] "GET /templates/jp_hotel/css/suckerfish.css HTTP/1.1" 200 3465 "http://www.almhuette-raith.at/" "Mozilla/5.0 (Windows NT 6.1; WOW64; rv:47.0) Gecko/20100101 Firefox/47.0" "-"
80.110.22.226 - - [11/Nov/2019:10:11:14 +0200] "GET /templates/jp_hotel/js/moomenu.js HTTP/1.1" 200 4890 "http://www.almhuette-raith.at/" "Mozilla/5.0 (Windows NT 6.1; WOW64; rv:47.0) Gecko/20100101 Firefox/47.0" "-"
80.110.22.226 - - [11/Nov/2019:10:11:14 +0200] "GET /modules/mod_bowslideshow/tmpl/js/sliderman.1.3.0.js HTTP/1.1" 200 33472 "http://www.almhuette-raith.at/" "Mozilla/5.0 (Windows NT 6.1; WOW64; rv:47.0) Gecko/20100101 Firefox/47.0" "-"
80.110.22.226 - - [11/Nov/2019:10:11:14 +0200] "GET /media/system/js/mootools.js HTTP/1.1" 200 74434 "http://www.almhuette-raith.at/" "Mozilla/5.0 (Windows NT 6.1; WOW64; rv:47.0) Gecko/20100101 Firefox/47.0" "-"
80.110.22.226 - - [11/Nov/2019:10:11:14 +0200] "GET /images/stories/slideshow/almhuette_raith_06.jpg HTTP/1.1" 200 68977 "http://www.almhuette-raith.at/" "Mozilla/5.0 (Windows NT 6.1; WOW64; rv:47.0) Gecko/20100101 Firefox/47.0" "-"
80.110.22.226 - - [11/Nov/2019:10:11:14 +0200] "GET /images/stories/slideshow/almhuette_raith_02.jpg HTTP/1.1" 200 62918 "http://www.almhuette-raith.at/" "Mozilla/5.0 (Windows NT 6.1; WOW64; rv:47.0) Gecko/20100101 Firefox/47.0" "-"
80.110.22.226 - - [11/Nov/2019:10:11:14 +0200] "GET /images/stories/slideshow/almhuette_raith_04.jpg HTTP/1.1" 200 80637 "http://www.almhuette-raith.at/" "Mozilla/5.0 (Windows NT 6.1; WOW64; rv:47.0) Gecko/20100101 Firefox/47.0" "-"
80.110.22.226 - - [11/Nov/2019:10:11:14 +0200] "GET /images/stories/slideshow/almhuette_raith_05.jpg HTTP/1.1" 200 77796 "http://www.almhuette-raith.at/" "Mozilla/5.0 (Windows NT 6.1; WOW64; rv:47.0) Gecko/20100101 Firefox/47.0" "-"
80.110.22.226 - - [11/Nov/2019:10:11:14 +0200] "GET /images/stories/slideshow/almhuette_raith_03.jpg HTTP/1.1" 200 87782 "http://www.almhuette-raith.at/" "Mozilla/5.0 (Windows NT 6.1; WOW64; rv:47.0) Gecko/20100101 Firefox/47.0" "-"
80.110.22.226 - - [11/Nov/2019:10:11:14 +0200] "GET /images/stories/slideshow/almhuette_raith_01.jpg HTTP/1.1" 200 88161 "http://www.almhuette-raith.at/" "Mozilla/5.0 (Windows NT 6.1; WOW64; rv:47.0) Gecko/20100101 Firefox/47.0" "-"
80.110.22.226 - - [11/Nov/2019:10:11:15 +0200] "GET /images/stories/raith/wohnraum.jpg HTTP/1.1" 200 43586 "http://www.almhuette-raith.at/" "Mozilla/5.0 (Windows NT 6.1; WOW64; rv:47.0) Gecko/20100101 Firefox/47.0" "-"
80.110.22.226 - - [11/Nov/2019:10:11:15 +0200] "GET /images/stories/raith/almhuette_raith.jpg HTTP/1.1" 200 43300 "http://www.almhuette-raith.at/" "Mozilla/5.0 (Windows NT 6.1; WOW64; rv:47.0) Gecko/20100101 Firefox/47.0" "-"
80.110.22.226 - - [11/Nov/2019:10:11:15 +0200] "GET /templates/jp_hotel/images/logo.jpg HTTP/1.1" 200 369 "http://www.almhuette-raith.at/" "Mozilla/5.0 (Windows NT 6.1; WOW64; rv:47.0) Gecko/20100101 Firefox/47.0" "-"
80.110.22.226 - - [11/Nov/2019:10:11:15 +0200] "GET /images/stories/raith/grillplatz.jpg HTTP/1.1" 200 55303 "http://www.almhuette-raith.at/" "Mozilla/5.0 (Windows NT 6.1; WOW64; rv:47.0) Gecko/20100101 Firefox/47.0" "-"
80.110.22.226 - - [11/Nov/2019:10:11:15 +0200] "GET /templates/_system/css/general.css HTTP/1.1" 404 239 "http://www.almhuette-raith.at/" "Mozilla/5.0 (Windows NT 6.1; WOW64; rv:47.0) Gecko/20100101 Firefox/47.0" "-"
80.110.22.226 - - [11/Nov/2019:10:11:15 +0200] "GET /images/stories/raith/garage.jpg HTTP/1.1" 200 57339 "http://www.almhuette-raith.at/" "Mozilla/5.0 (Windows NT 6.1; WOW64; rv:47.0) Gecko/20100101 Firefox/47.0" "-"
80.110.22.226 - - [11/Nov/2019:10:11:15 +0200] "GET /images/stories/raith/almenland_logo.jpg HTTP/1.1" 200 21490 "http://www.almhuette-raith.at/" "Mozilla/5.0 (Windows NT 6.1; WOW64; rv:47.0) Gecko/20100101 Firefox/47.0" "-"
80.110.22.226 - - [11/Nov/2019:10:11:15 +0200] "GET /images/stories/slideshow/almhuette_raith_07.jpg HTTP/1.1" 200 94861 "http://www.almhuette-raith.at/" "Mozilla/5.0 (Windows NT 6.1; WOW64; rv:47.0) Gecko/20100101 Firefox/47.0" "-"
80.110.22.226 - - [11/Nov/2019:10:11:15 +0200] "GET /images/stories/raith/steiermark_herz.png HTTP/1.1" 200 39683 "http://www.almhuette-raith.at/" "Mozilla/5.0 (Windows NT 6.1; WOW64; rv:47.0) Gecko/20100101 Firefox/47.0" "-"
80.110.22.226 - - [11/Nov/2019:10:11:15 +0200] "GET /images/stories/raith/oststeiermark.png HTTP/1.1" 200 65225 "http://www.almhuette-raith.at/" "Mozilla/5.0 (Windows NT 6.1; WOW64; rv:47.0) Gecko/20100101 Firefox/47.0" "-"
80.110.22.226 - - [11/Nov/2019:10:11:15 +0200] "GET /modules/mod_bowslideshow/tmpl/images/image_shadow.png HTTP/1.1" 200 5017 "http://www.almhuette-raith.at/modules/mod_bowslideshow/tmpl/css/bowslideshow.css" "Mozilla/5.0 (Windows NT 6.1; WOW64; rv:47.0) Gecko/20100101 Firefox/47.0" "-"
80.110.22.226 - - [11/Nov/2019:10:11:15 +0200] "GET /templates/jp_hotel/images/content_heading.gif HTTP/1.1" 200 69 "http://www.almhuette-raith.at/templates/jp_hotel/css/template.css" "Mozilla/5.0 (Windows NT 6.1; WOW64; rv:47.0) Gecko/20100101 Firefox/47.0" "-"
80.110.22.226 - - [11/Nov/2019:10:11:15 +0200] "GET /templates/jp_hotel/images/module_heading.gif HTTP/1.1" 200 83 "http://www.almhuette-raith.at/templates/jp_hotel/css/template.css" "Mozilla/5.0 (Windows NT 6.1; WOW64; rv:47.0) Gecko/20100101 Firefox/47.0" "-"
80.110.22.226 - - [11/Nov/2019:10:11:15 +0200] "GET /images/bg_raith.jpg HTTP/1.1" 200 329961 "http://www.almhuette-raith.at/templates/jp_hotel/css/template.css" "Mozilla/5.0 (Windows NT 6.1; WOW64; rv:47.0) Gecko/20100101 Firefox/47.0" "-"
80.110.22.226 - - [11/Nov/2019:10:11:15 +0200] "GET /favicon.ico HTTP/1.1" 404 217 "-" "Mozilla/5.0 (Windows NT 6.1; WOW64; rv:47.0) Gecko/20100101 Firefox/47.0" "-"
80.110.22.226 - - [11/Nov/2019:10:11:15 +0200] "GET /favicon.ico HTTP/1.1" 404 217 "-" "Mozilla/5.0 (Windows NT 6.1; WOW64; rv:47.0) Gecko/20100101 Firefox/47.0" "-"
91.200.12.108 - - [11/Nov/2019:10:34:56 +0200] "GET /administrator/index.php HTTP/1.1" 200 4263 "http://almhuette-raith.at/administrator/index.php" "Mozilla/5.0 (Windows NT 6.1; WOW64) AppleWebKit/537.36 (KHTML, like Gecko) Chrome/31.0.1650.57 Safari/537.36" "-"
91.200.12.108 - - [11/Nov/2019:10:34:56 +0200] "POST /administrator/index.php HTTP/1.1" 200 4494 "http://almhuette-raith.at/administrator/index.php" "Mozilla/5.0 (Windows NT 6.1; WOW64) AppleWebKit/537.36 (KHTML, like Gecko) Chrome/31.0.1650.57 Safari/537.36" "-"
91.200.12.108 - - [11/Nov/2019:10:34:56 +0200] "GET /administrator/index.php HTTP/1.1" 200 4263 "http://almhuette-raith.at/administrator/index.php" "Mozilla/5.0 (Windows NT 6.1; WOW64) AppleWebKit/537.36 (KHTML, like Gecko) Chrome/31.0.1650.57 Safari/537.36" "-"
66.249.64.207 - - [11/Nov/2019:10:36:07 +0200] "GET /tshqmldkildre.html HTTP/1.1" 404 224 "-" "Mozilla/5.0 (compatible; Googlebot/2.1; +http://www.google.com/bot.html)" "-"
141.8.142.48 - - [11/Nov/2019:10:52:27 +0200] "GET /index.php?option=com_content&view=article&id=50&Itemid=56 HTTP/1.1" 200 7991 "-" "Mozilla/5.0 (compatible; YandexBot/3.0; +http://yandex.com/bots)" "-"
37.1.206.196 - - [11/Nov/2019:11:30:25 +0200] "GET /administrator/index.php HTTP/1.1" 200 4263 "http://almhuette-raith.at/administrator/index.php" "Mozilla/5.0 (Windows NT 6.1; WOW64) AppleWebKit/537.36 (KHTML, like Gecko) Chrome/31.0.1650.57 Safari/537.36" "-"
37.1.206.196 - - [11/Nov/2019:11:30:25 +0200] "POST /administrator/index.php HTTP/1.1" 200 4494 "http://almhuette-raith.at/administrator/index.php" "Mozilla/5.0 (Windows NT 6.1; WOW64) AppleWebKit/537.36 (KHTML, like Gecko) Chrome/31.0.1650.57 Safari/537.36" "-"
37.1.206.196 - - [11/Nov/2019:11:30:26 +0200] "GET /administrator/index.php HTTP/1.1" 200 4263 "http://almhuette-raith.at/administrator/index.php" "Mozilla/5.0 (Windows NT 6.1; WOW64) AppleWebKit/537.36 (KHTML, like Gecko) Chrome/31.0.1650.57 Safari/537.36" "-"
91.200.12.108 - - [11/Nov/2019:11:44:01 +0200] "GET /administrator/index.php HTTP/1.1" 200 4263 "http://almhuette-raith.at/administrator/index.php" "Mozilla/5.0 (Windows NT 6.1; WOW64) AppleWebKit/537.36 (KHTML, like Gecko) Chrome/31.0.1650.57 Safari/537.36" "-"
91.200.12.108 - - [11/Nov/2019:11:44:02 +0200] "POST /administrator/index.php HTTP/1.1" 200 4494 "http://almhuette-raith.at/administrator/index.php" "Mozilla/5.0 (Windows NT 6.1; WOW64) AppleWebKit/537.36 (KHTML, like Gecko) Chrome/31.0.1650.57 Safari/537.36" "-"
91.200.12.108 - - [11/Nov/2019:11:44:02 +0200] "GET /administrator/index.php HTTP/1.1" 200 4263 "http://almhuette-raith.at/administrator/index.php" "Mozilla/5.0 (Windows NT 6.1; WOW64) AppleWebKit/537.36 (KHTML, like Gecko) Chrome/31.0.1650.57 Safari/537.36" "-"
213.162.68.89 - - [11/Nov/2019:11:45:19 +0200] "GET / HTTP/1.1" 200 10479 "http://www.almenland.at/almhuette-raith.html" "Mozilla/5.0 (Linux; Android 6.0.1; SM-G935F Build/MMB29K) AppleWebKit/537.36 (KHTML, like Gecko) Chrome/51.0.2704.81 Mobile Safari/537.36" "-"
213.162.68.89 - - [11/Nov/2019:11:45:19 +0200] "GET /templates/_system/css/general.css HTTP/1.1" 404 239 "http://www.almhuette-raith.at/" "Mozilla/5.0 (Linux; Android 6.0.1; SM-G935F Build/MMB29K) AppleWebKit/537.36 (KHTML, like Gecko) Chrome/51.0.2704.81 Mobile Safari/537.36" "-"
213.162.68.89 - - [11/Nov/2019:11:45:19 +0200] "GET /templates/_system/css/general.css HTTP/1.1" 404 239 "http://www.almhuette-raith.at/" "Mozilla/5.0 (Linux; Android 6.0.1; SM-G935F Build/MMB29K) AppleWebKit/537.36 (KHTML, like Gecko) Chrome/51.0.2704.81 Mobile Safari/537.36" "-"
213.162.68.89 - - [11/Nov/2019:11:45:20 +0200] "GET /favicon.ico HTTP/1.1" 404 217 "http://www.almhuette-raith.at/" "Mozilla/5.0 (Linux; Android 6.0.1; SM-G935F Build/MMB29K) AppleWebKit/537.36 (KHTML, like Gecko) Chrome/51.0.2704.81 Mobile Safari/537.36" "-"
213.162.68.89 - - [11/Nov/2019:11:45:31 +0200] "GET /index.php?option=com_phocagallery&view=category&id=1&Itemid=53 HTTP/1.1" 200 32583 "http://www.almhuette-raith.at/" "Mozilla/5.0 (Linux; Android 6.0.1; SM-G935F Build/MMB29K) AppleWebKit/537.36 (KHTML, like Gecko) Chrome/51.0.2704.81 Mobile Safari/537.36" "-"
213.162.68.89 - - [11/Nov/2019:11:45:32 +0200] "GET /templates/_system/css/general.css HTTP/1.1" 404 239 "http://www.almhuette-raith.at/index.php?option=com_phocagallery&view=category&id=1&Itemid=53" "Mozilla/5.0 (Linux; Android 6.0.1; SM-G935F Build/MMB29K) AppleWebKit/537.36 (KHTML, like Gecko) Chrome/51.0.2704.81 Mobile Safari/537.36" "-"
